=== Parallel translation started at Thu May 14 20:30:56 +07 2026 ===
Files to translate: 128
[START] a-la-carte-da-nang.html
[START] airbnb.html
[START] an-bang-beach-hotels.html
[START] arbora-luxury-collection-da-nang.html
[START] azura-da-nang.html
[START] ba-na-hills-guide.html
[START] best-cafes-da-nang.html
[START] best-hotels-in-da-nang.html
[DONE] ba-na-hills-guide.html
=== Parallel translation started at Thu May 14 20:32:17 +07 2026 ===
Files to translate: 127
[START] a-la-carte-da-nang.html
[START] airbnb.html
[START] an-bang-beach-hotels.html
[START] arbora-luxury-collection-da-nang.html
[DONE] airbnb.html
[DONE] an-bang-beach-hotels.html
[DONE] azura-da-nang.html
[DONE] best-cafes-da-nang.html
[DONE] airbnb.html
[START] azura-da-nang.html
[DONE] best-hotels-in-da-nang.html
[DONE] an-bang-beach-hotels.html
[START] best-cafes-da-nang.html
[DONE] a-la-carte-da-nang.html
[DONE] azura-da-nang.html
[START] best-hotels-in-da-nang.html
=== Parallel translation started at Thu May 14 20:38:13 +07 2026 ===
Files to translate: 120
[START] best-hotels-in-hoi-an.html
[START] best-resorts-son-tra-peninsula.html
[START] best-time-to-visit-da-nang.html
[START] best-value-hotels-hoi-an.html
[DONE] best-hotels-in-hoi-an.html
[START] boutique-hotels-da-nang.html
[DONE] best-value-hotels-hoi-an.html
[START] da-nang-7-day-itinerary.html
[DONE] da-nang-7-day-itinerary.html
[START] da-nang-airport-to-hoi-an.html
[DONE] best-resorts-son-tra-peninsula.html
[START] da-nang-beach-hotels.html
[DONE] boutique-hotels-da-nang.html
[START] da-nang-budget-guide.html
[DONE] best-time-to-visit-da-nang.html
[START] da-nang-digital-nomad-forbes-2026.html
[DONE] da-nang-airport-to-hoi-an.html
[START] da-nang-digital-nomad-guide.html
[DONE] da-nang-budget-guide.html
[START] da-nang-eco-city-merger-2050.html
[DONE] da-nang-eco-city-merger-2050.html
[START] da-nang-fireworks-festival-diff-2026.html
[DONE] da-nang-fireworks-festival-diff-2026.html
[START] da-nang-fireworks-festival-guide.html
[DONE] da-nang-fireworks-festival-guide.html
[DONE] da-nang-digital-nomad-forbes-2026.html
[START] da-nang-fireworks-festival-hotels.html
[START] da-nang-first-time-visitors.html
[DONE] da-nang-fireworks-festival-hotels.html
[DONE] da-nang-first-time-visitors.html
[START] da-nang-guide-for-australian-travelers.html
[START] da-nang-grocery-store-guide.html
[DONE] da-nang-guide-for-australian-travelers.html
[DONE] da-nang-grocery-store-guide.html
[START] da-nang-guide-for-korean-travelers.html
[START] da-nang-guide-for-russian-travelers.html
[DONE] da-nang-guide-for-korean-travelers.html
[DONE] da-nang-guide-for-russian-travelers.html
[START] da-nang-hoi-an-markets-guide.html
[START] da-nang-hotel-prices-by-month.html
[DONE] da-nang-hotel-prices-by-month.html
[DONE] da-nang-hoi-an-markets-guide.html
[START] da-nang-hotel-prices.html
[START] da-nang-hotels-map.html
[DONE] da-nang-hotels-map.html
[START] da-nang-itinerary.html
[DONE] da-nang-hotel-prices.html
[START] da-nang-malls-guide.html
[DONE] da-nang-itinerary.html
[START] da-nang-riverfront-hotels.html
[DONE] da-nang-malls-guide.html
[START] da-nang-russia-cis-air-links-2026.html
[DONE] da-nang-riverfront-hotels.html
[START] da-nang-time-converter.html
[DONE] da-nang-russia-cis-air-links-2026.html
[START] da-nang-transport-guide.html
[DONE] da-nang-time-converter.html
[START] da-nang-travel-mistakes.html
[DONE] da-nang-transport-guide.html
[START] da-nang-urban-railway-2026.html
[DONE] da-nang-travel-mistakes.html
[START] da-nang-videos.html
[DONE] da-nang-urban-railway-2026.html
[START] da-nang-visa-run-guide.html
[DONE] da-nang-videos.html
[START] da-nang-vladivostok-flight-russian-tourism-2026.html
[DONE] da-nang-visa-run-guide.html
[START] da-nang-vs-hanoi.html
[DONE] da-nang-vladivostok-flight-russian-tourism-2026.html
[START] da-nang-vs-ho-chi-minh-city.html
[DONE] da-nang-vs-hanoi.html
[START] da-nang-vs-hoi-an.html
[DONE] da-nang-beach-hotels.html
[START] da-nang-vs-nha-trang.html
[DONE] da-nang-vs-ho-chi-minh-city.html
[DONE] da-nang-vs-hoi-an.html
[START] da-nang-weather-by-month.html
[START] da-nang-vs-phu-quoc.html
[DONE] da-nang-vs-nha-trang.html
[START] da-nang-with-teenagers.html
[DONE] da-nang-vs-phu-quoc.html
[DONE] da-nang-weather-by-month.html
[START] dining.html
[START] dragon-bridge-da-nang.html
[DONE] da-nang-with-teenagers.html
[START] family-hotels-da-nang.html
[DONE] dining.html
[DONE] dragon-bridge-da-nang.html
[START] four-points-sheraton-da-nang.html
[START] furama-resort-da-nang.html
[DONE] family-hotels-da-nang.html
[START] furama-vs-pullman-da-nang.html
[DONE] four-points-sheraton-da-nang.html
[DONE] furama-resort-da-nang.html
[START] grand-mercure-da-nang.html
[START] fusion-suites-da-nang.html
[DONE] furama-vs-pullman-da-nang.html
[START] guides-da-nang-hotel-prices-by-month.html
[DONE] fusion-suites-da-nang.html
[START] guides.html
[DONE] grand-mercure-da-nang.html
[START] han-river-night-cruise-da-nang.html
[DONE] guides-da-nang-hotel-prices-by-month.html
[DONE] guides.html
[START] hilton-da-nang.html
[START] hoi-an-da-nang-travel-leisure-hidden-gems-2026.html
[DONE] han-river-night-cruise-da-nang.html
[START] hoi-an-first-time-visitors.html
[DONE] hilton-da-nang.html
[DONE] hoi-an-da-nang-travel-leisure-hidden-gems-2026.html
[START] hoi-an-old-town-hotels.html
[START] hotels.html
[DONE] hoi-an-first-time-visitors.html
[DONE] hoi-an-old-town-hotels.html
[DONE] hotels.html
[START] hyatt-regency-da-nang.html
[START] hyatt-regency-vs-furama-da-nang.html
[START] hyatt-vs-marriott-da-nang.html
[DONE] hyatt-regency-vs-furama-da-nang.html
[DONE] hyatt-vs-marriott-da-nang.html
[DONE] hyatt-regency-da-nang.html
[START] intercontinental-da-nang.html
[START] intercontinental-vs-hyatt-da-nang.html
[START] is-hoi-an-cheaper-than-da-nang.html
[DONE] is-hoi-an-cheaper-than-da-nang.html
[DONE] intercontinental-vs-hyatt-da-nang.html
[DONE] intercontinental-da-nang.html
[START] living-in-da-nang-expat-guide.html
[START] luxury-hotels-da-nang.html
[START] mandila-beach-vs-stella-maris-da-nang.html
[DONE] mandila-beach-vs-stella-maris-da-nang.html
[DONE] living-in-da-nang-expat-guide.html
[DONE] luxury-hotels-da-nang.html
[START] marble-mountains-da-nang.html
[START] marriott-resort-da-nang.html
[START] melia-da-nang.html
[DONE] da-nang-digital-nomad-guide.html
[START] melia-vinpearl-da-nang.html
[DONE] marriott-resort-da-nang.html
[DONE] melia-da-nang.html
[DONE] marble-mountains-da-nang.html
[START] melia-vs-hyatt-regency-da-nang.html
[START] melia-vs-radisson-blu-da-nang.html
[START] mikazuki-da-nang.html
[DONE] melia-vinpearl-da-nang.html
[START] muong-thanh-luxury-da-nang.html
[DONE] melia-vs-radisson-blu-da-nang.html
[DONE] melia-vs-hyatt-regency-da-nang.html
[DONE] mikazuki-da-nang.html
[START] my-khe-beach-da-nang.html
[START] naman-retreat-da-nang.html
[START] news.html
[DONE] muong-thanh-luxury-da-nang.html
[START] non-nuoc-beach-da-nang.html
[DONE] my-khe-beach-da-nang.html
[DONE] naman-retreat-da-nang.html
[START] novotel-da-nang-han-river.html
[START] novotel-vs-hilton-da-nang.html
[DONE] non-nuoc-beach-da-nang.html
[DONE] news.html
[START] premier-village-da-nang.html
[START] pullman-da-nang.html
[DONE] novotel-da-nang-han-river.html
[DONE] novotel-vs-hilton-da-nang.html
[START] radisson-blu-da-nang.html
[START] review-a-la-carte-da-nang.html
[DONE] premier-village-da-nang.html
[DONE] pullman-da-nang.html
[START] review-brilliant-hotel-da-nang.html
[START] review-azura-da-nang.html
[DONE] radisson-blu-da-nang.html
[DONE] review-a-la-carte-da-nang.html
[DONE] review-brilliant-hotel-da-nang.html
[DONE] review-azura-da-nang.html
[START] review-furama-resort-da-nang.html
[START] review-four-points-sheraton-da-nang.html
[START] review-fusion-suites-da-nang.html
[START] review-grand-mercure-da-nang.html
[DONE] review-grand-mercure-da-nang.html
[DONE] review-fusion-suites-da-nang.html
[DONE] review-furama-resort-da-nang.html
[DONE] review-four-points-sheraton-da-nang.html
[START] review-hilton-da-nang.html
[START] review-hyatt-regency-da-nang.html
[START] review-intercontinental-da-nang.html
[START] review-marriott-resort-da-nang.html
[DONE] review-hyatt-regency-da-nang.html
[DONE] review-hilton-da-nang.html
[DONE] review-intercontinental-da-nang.html
[DONE] review-marriott-resort-da-nang.html
[START] review-melia-da-nang.html
[START] review-melia-vinpearl-da-nang.html
[START] review-mikazuki-da-nang.html
[START] review-muong-thanh-luxury-da-nang.html
[DONE] review-mikazuki-da-nang.html
[DONE] review-muong-thanh-luxury-da-nang.html
[DONE] review-melia-da-nang.html
[DONE] review-melia-vinpearl-da-nang.html
[START] review-naman-retreat-da-nang.html
[START] review-novotel-da-nang-han-river.html
[START] review-premier-village-da-nang.html
[START] review-pullman-da-nang.html
[DONE] review-naman-retreat-da-nang.html
[DONE] review-premier-village-da-nang.html
[DONE] review-pullman-da-nang.html
[DONE] review-novotel-da-nang-han-river.html
[START] review-radisson-blu-da-nang.html
[START] review-tia-wellness-resort-da-nang.html
[START] review-tms-hotel-da-nang.html
[START] review-wyndham-soleil-da-nang.html
[DONE] review-wyndham-soleil-da-nang.html
[DONE] review-radisson-blu-da-nang.html
[DONE] review-tms-hotel-da-nang.html
[DONE] review-tia-wellness-resort-da-nang.html
[START] search.html
[START] sheraton-grand-da-nang.html
[START] silk-path-grand-da-nang.html
[START] son-tra-peninsula-da-nang.html
[DONE] search.html
[DONE] son-tra-peninsula-da-nang.html
[DONE] silk-path-grand-da-nang.html
[DONE] sheraton-grand-da-nang.html
[START] terms.html
[START] things-to-do-in-da-nang.html
[START] tia-wellness-resort-da-nang.html
[START] tms-hotel-da-nang.html
[DONE] terms.html
[DONE] things-to-do-in-da-nang.html
[DONE] tia-wellness-resort-da-nang.html
[DONE] tms-hotel-da-nang.html
[START] tms-hotel-vs-sala-danang-beach.html
[START] vietnam-tourism-boom-record-growth-2026.html
[START] vinpearl-luxury-da-nang.html
[START] where-to-stay-in-da-nang.html
[DONE] tms-hotel-vs-sala-danang-beach.html
[DONE] vietnam-tourism-boom-record-growth-2026.html
[DONE] vinpearl-luxury-da-nang.html
[DONE] where-to-stay-in-da-nang.html
[START] wyndham-soleil-da-nang.html
[DONE] wyndham-soleil-da-nang.html
=== All done at Thu May 14 20:46:51 +07 2026 ===
Total Korean HTML files: 146
=== Parallel translation started at Fri May 15 07:53:05 +07 2026 ===
Files to translate: 112
[START] da-nang-beach-hotels.html
[START] da-nang-budget-guide.html
[START] da-nang-digital-nomad-forbes-2026.html
[START] da-nang-eco-city-merger-2050.html
[DONE] da-nang-eco-city-merger-2050.html
[START] da-nang-fireworks-festival-diff-2026.html
[DONE] da-nang-digital-nomad-forbes-2026.html
[START] da-nang-fireworks-festival-guide.html
[DONE] da-nang-beach-hotels.html
[START] da-nang-fireworks-festival-hotels.html
[DONE] da-nang-budget-guide.html
[START] da-nang-first-time-visitors.html
[DONE] da-nang-first-time-visitors.html
[START] da-nang-grocery-store-guide.html
[DONE] da-nang-fireworks-festival-hotels.html
[START] da-nang-guide-for-australian-travelers.html
[DONE] da-nang-fireworks-festival-guide.html
[START] da-nang-guide-for-korean-travelers.html
[DONE] da-nang-fireworks-festival-diff-2026.html
[START] da-nang-guide-for-russian-travelers.html
[DONE] da-nang-grocery-store-guide.html
[START] da-nang-hoi-an-markets-guide.html
[DONE] da-nang-hoi-an-markets-guide.html
[START] da-nang-hotel-prices-by-month.html
[DONE] da-nang-guide-for-korean-travelers.html
[START] da-nang-hotel-prices.html
[DONE] da-nang-hotel-prices-by-month.html
[START] da-nang-hotels-map.html
[DONE] da-nang-guide-for-australian-travelers.html
[START] da-nang-itinerary.html
[DONE] da-nang-itinerary.html
[START] da-nang-malls-guide.html
[DONE] da-nang-guide-for-russian-travelers.html
[START] da-nang-riverfront-hotels.html
[DONE] da-nang-hotels-map.html
[START] da-nang-russia-cis-air-links-2026.html
[DONE] da-nang-russia-cis-air-links-2026.html
[START] da-nang-time-converter.html
[DONE] da-nang-riverfront-hotels.html
[START] da-nang-transport-guide.html
[DONE] da-nang-time-converter.html
[START] da-nang-travel-mistakes.html
[DONE] da-nang-malls-guide.html
[START] da-nang-urban-railway-2026.html
[DONE] da-nang-urban-railway-2026.html
[START] da-nang-videos.html
[DONE] da-nang-videos.html
[START] da-nang-visa-run-guide.html
[DONE] da-nang-visa-run-guide.html
[START] da-nang-vladivostok-flight-russian-tourism-2026.html
[DONE] da-nang-vladivostok-flight-russian-tourism-2026.html
[START] da-nang-vs-hanoi.html
[DONE] da-nang-vs-hanoi.html
[START] da-nang-vs-ho-chi-minh-city.html
[DONE] da-nang-vs-ho-chi-minh-city.html
[START] da-nang-vs-hoi-an.html
[DONE] da-nang-vs-hoi-an.html
[START] da-nang-vs-nha-trang.html
[DONE] da-nang-vs-nha-trang.html
[START] da-nang-vs-phu-quoc.html
[DONE] da-nang-vs-phu-quoc.html
[START] da-nang-weather-by-month.html
[DONE] da-nang-hotel-prices.html
[START] da-nang-with-teenagers.html
[DONE] da-nang-weather-by-month.html
[START] dining.html
[DONE] da-nang-with-teenagers.html
[START] dragon-bridge-da-nang.html
[DONE] dining.html
[DONE] dragon-bridge-da-nang.html
[START] family-hotels-da-nang.html
[START] four-points-sheraton-da-nang.html
[DONE] four-points-sheraton-da-nang.html
[DONE] family-hotels-da-nang.html
[START] furama-resort-da-nang.html
[START] furama-vs-pullman-da-nang.html
[DONE] furama-vs-pullman-da-nang.html
[DONE] furama-resort-da-nang.html
[START] grand-mercure-da-nang.html
[START] fusion-suites-da-nang.html
[DONE] fusion-suites-da-nang.html
[START] guides-da-nang-hotel-prices-by-month.html
[DONE] grand-mercure-da-nang.html
[START] guides.html
[DONE] guides-da-nang-hotel-prices-by-month.html
[START] han-river-night-cruise-da-nang.html
[DONE] guides.html
[START] hilton-da-nang.html
[DONE] han-river-night-cruise-da-nang.html
[START] hoi-an-da-nang-travel-leisure-hidden-gems-2026.html
[DONE] hilton-da-nang.html
[START] hoi-an-first-time-visitors.html
[DONE] hoi-an-da-nang-travel-leisure-hidden-gems-2026.html
[START] hoi-an-old-town-hotels.html
[DONE] hoi-an-first-time-visitors.html
[START] hotels.html
[DONE] hoi-an-old-town-hotels.html
[START] hyatt-regency-da-nang.html
[DONE] hotels.html
[START] hyatt-regency-vs-furama-da-nang.html
[DONE] hyatt-regency-da-nang.html
[START] hyatt-vs-marriott-da-nang.html
[DONE] hyatt-regency-vs-furama-da-nang.html
[START] intercontinental-da-nang.html
[DONE] hyatt-vs-marriott-da-nang.html
[START] intercontinental-vs-hyatt-da-nang.html
[DONE] intercontinental-da-nang.html
[DONE] intercontinental-vs-hyatt-da-nang.html
[START] is-hoi-an-cheaper-than-da-nang.html
[START] living-in-da-nang-expat-guide.html
[DONE] da-nang-travel-mistakes.html
[START] luxury-hotels-da-nang.html
[DONE] living-in-da-nang-expat-guide.html
[DONE] is-hoi-an-cheaper-than-da-nang.html
[START] mandila-beach-vs-stella-maris-da-nang.html
[START] marble-mountains-da-nang.html
[DONE] luxury-hotels-da-nang.html
[START] marriott-resort-da-nang.html
[DONE] mandila-beach-vs-stella-maris-da-nang.html
[DONE] marble-mountains-da-nang.html
[START] melia-da-nang.html
[START] melia-vinpearl-da-nang.html
[DONE] marriott-resort-da-nang.html
[START] melia-vs-hyatt-regency-da-nang.html
[DONE] melia-da-nang.html
[DONE] melia-vinpearl-da-nang.html
[START] melia-vs-radisson-blu-da-nang.html
[START] mikazuki-da-nang.html
[DONE] melia-vs-hyatt-regency-da-nang.html
[START] muong-thanh-luxury-da-nang.html
[DONE] melia-vs-radisson-blu-da-nang.html
[DONE] mikazuki-da-nang.html
[DONE] muong-thanh-luxury-da-nang.html
[START] my-khe-beach-da-nang.html
[START] naman-retreat-da-nang.html
[START] news.html
[DONE] naman-retreat-da-nang.html
[DONE] news.html
[START] non-nuoc-beach-da-nang.html
[START] novotel-da-nang-han-river.html
[DONE] my-khe-beach-da-nang.html
[DONE] non-nuoc-beach-da-nang.html
[START] novotel-vs-hilton-da-nang.html
[START] premier-village-da-nang.html
[DONE] premier-village-da-nang.html
[DONE] novotel-vs-hilton-da-nang.html
[DONE] novotel-da-nang-han-river.html
[START] pullman-da-nang.html
[START] radisson-blu-da-nang.html
[START] review-a-la-carte-da-nang.html
[DONE] radisson-blu-da-nang.html
[DONE] pullman-da-nang.html
[DONE] review-a-la-carte-da-nang.html
[START] review-azura-da-nang.html
[START] review-brilliant-hotel-da-nang.html
[START] review-four-points-sheraton-da-nang.html
[DONE] review-brilliant-hotel-da-nang.html
[DONE] review-four-points-sheraton-da-nang.html
[DONE] review-azura-da-nang.html
[START] review-furama-resort-da-nang.html
[START] review-grand-mercure-da-nang.html
[START] review-fusion-suites-da-nang.html
[DONE] review-fusion-suites-da-nang.html
[DONE] review-grand-mercure-da-nang.html
[DONE] review-furama-resort-da-nang.html
[START] review-hilton-da-nang.html
[START] review-hyatt-regency-da-nang.html
[START] review-intercontinental-da-nang.html
[DONE] review-intercontinental-da-nang.html
[DONE] review-hyatt-regency-da-nang.html
[DONE] review-hilton-da-nang.html
[START] review-marriott-resort-da-nang.html
[START] review-melia-da-nang.html
[START] review-melia-vinpearl-da-nang.html
[DONE] review-melia-da-nang.html
[DONE] review-marriott-resort-da-nang.html
[DONE] review-melia-vinpearl-da-nang.html
[START] review-mikazuki-da-nang.html
[START] review-muong-thanh-luxury-da-nang.html
[START] review-naman-retreat-da-nang.html
[DONE] review-mikazuki-da-nang.html
[DONE] review-muong-thanh-luxury-da-nang.html
[DONE] review-naman-retreat-da-nang.html
[START] review-novotel-da-nang-han-river.html
[START] review-premier-village-da-nang.html
[START] review-pullman-da-nang.html
[DONE] review-novotel-da-nang-han-river.html
[DONE] review-pullman-da-nang.html
[DONE] review-premier-village-da-nang.html
[START] review-radisson-blu-da-nang.html
[START] review-tia-wellness-resort-da-nang.html
[START] review-tms-hotel-da-nang.html
[DONE] da-nang-transport-guide.html
[DONE] review-radisson-blu-da-nang.html
[DONE] review-tia-wellness-resort-da-nang.html
[DONE] review-tms-hotel-da-nang.html
[START] review-wyndham-soleil-da-nang.html
[START] search.html
[START] sheraton-grand-da-nang.html
[START] silk-path-grand-da-nang.html
[DONE] search.html
[DONE] sheraton-grand-da-nang.html
[DONE] review-wyndham-soleil-da-nang.html
[DONE] silk-path-grand-da-nang.html
[START] son-tra-peninsula-da-nang.html
[START] terms.html
[START] things-to-do-in-da-nang.html
[START] tia-wellness-resort-da-nang.html
[DONE] terms.html
[DONE] things-to-do-in-da-nang.html
[DONE] tia-wellness-resort-da-nang.html
[DONE] son-tra-peninsula-da-nang.html
[START] tms-hotel-da-nang.html
[START] tms-hotel-vs-sala-danang-beach.html
[START] vietnam-tourism-boom-record-growth-2026.html
[START] vinpearl-luxury-da-nang.html
[DONE] tms-hotel-vs-sala-danang-beach.html
[DONE] vietnam-tourism-boom-record-growth-2026.html
[DONE] vinpearl-luxury-da-nang.html
[DONE] tms-hotel-da-nang.html
[START] where-to-stay-in-da-nang.html
[START] wyndham-soleil-da-nang.html
[DONE] wyndham-soleil-da-nang.html
[DONE] where-to-stay-in-da-nang.html
=== All done at Fri May 15 08:32:25 +07 2026 ===
Total Korean HTML files: 146
=== Parallel translation started at Fri May 15 11:36:32 +07 2026 ===
Files to translate: 91
[START] da-nang-malls-guide.html
[START] da-nang-travel-mistakes.html
[ERROR] Failed: da-nang-travel-mistakes.html
[START] da-nang-urban-railway-2026.html
[ERROR] Failed: da-nang-urban-railway-2026.html
[START] da-nang-videos.html
[ERROR] Failed: da-nang-videos.html
[START] da-nang-visa-run-guide.html
[ERROR] Failed: da-nang-malls-guide.html
[START] da-nang-vladivostok-flight-russian-tourism-2026.html
[ERROR] Failed: da-nang-vladivostok-flight-russian-tourism-2026.html
[START] da-nang-vs-hanoi.html
[ERROR] Failed: da-nang-visa-run-guide.html
[START] da-nang-vs-ho-chi-minh-city.html
[ERROR] Failed: da-nang-vs-hanoi.html
[START] da-nang-vs-hoi-an.html
[ERROR] Failed: da-nang-vs-hoi-an.html
[START] da-nang-vs-nha-trang.html
[DONE] da-nang-vs-ho-chi-minh-city.html
[START] da-nang-vs-phu-quoc.html
[DONE] da-nang-vs-phu-quoc.html
[START] da-nang-weather-by-month.html
[ERROR] Failed: da-nang-vs-nha-trang.html
[START] da-nang-with-teenagers.html
[DONE] da-nang-with-teenagers.html
[START] dining.html
[ERROR] Failed: da-nang-weather-by-month.html
[START] dragon-bridge-da-nang.html
[ERROR] Failed: dragon-bridge-da-nang.html
[START] family-hotels-da-nang.html
[ERROR] Failed: family-hotels-da-nang.html
[START] four-points-sheraton-da-nang.html
[ERROR] Failed: four-points-sheraton-da-nang.html
[START] furama-resort-da-nang.html
[DONE] dining.html
[START] furama-vs-pullman-da-nang.html
[ERROR] Failed: furama-vs-pullman-da-nang.html
[START] fusion-suites-da-nang.html
[ERROR] Failed: fusion-suites-da-nang.html
[START] grand-mercure-da-nang.html
[ERROR] Failed: grand-mercure-da-nang.html
[START] guides-da-nang-hotel-prices-by-month.html
[ERROR] Failed: guides-da-nang-hotel-prices-by-month.html
[START] guides.html
[ERROR] Failed: furama-resort-da-nang.html
[START] han-river-night-cruise-da-nang.html
[ERROR] Failed: guides.html
[START] hilton-da-nang.html
[ERROR] Failed: han-river-night-cruise-da-nang.html
[START] hoi-an-da-nang-travel-leisure-hidden-gems-2026.html
[ERROR] Failed: hilton-da-nang.html
[ERROR] Failed: hoi-an-da-nang-travel-leisure-hidden-gems-2026.html
[START] hoi-an-first-time-visitors.html
[START] hoi-an-old-town-hotels.html
[ERROR] Failed: hoi-an-old-town-hotels.html
[ERROR] Failed: hoi-an-first-time-visitors.html
[START] hotels.html
[START] hyatt-regency-da-nang.html
[ERROR] Failed: hotels.html
[ERROR] Failed: hyatt-regency-da-nang.html
[START] hyatt-regency-vs-furama-da-nang.html
[START] hyatt-vs-marriott-da-nang.html
[ERROR] Failed: hyatt-regency-vs-furama-da-nang.html
[ERROR] Failed: hyatt-vs-marriott-da-nang.html
[START] intercontinental-da-nang.html
[START] intercontinental-vs-hyatt-da-nang.html
[ERROR] Failed: intercontinental-vs-hyatt-da-nang.html
[ERROR] Failed: intercontinental-da-nang.html
[START] is-hoi-an-cheaper-than-da-nang.html
[START] living-in-da-nang-expat-guide.html
[ERROR] Failed: living-in-da-nang-expat-guide.html
[ERROR] Failed: is-hoi-an-cheaper-than-da-nang.html
[START] luxury-hotels-da-nang.html
[START] mandila-beach-vs-stella-maris-da-nang.html
[ERROR] Failed: mandila-beach-vs-stella-maris-da-nang.html
[ERROR] Failed: luxury-hotels-da-nang.html
[START] marble-mountains-da-nang.html
[START] marriott-resort-da-nang.html
[ERROR] Failed: marriott-resort-da-nang.html
[ERROR] Failed: marble-mountains-da-nang.html
[START] melia-da-nang.html
[START] melia-vinpearl-da-nang.html
[ERROR] Failed: melia-da-nang.html
[ERROR] Failed: melia-vinpearl-da-nang.html
[START] melia-vs-hyatt-regency-da-nang.html
[START] melia-vs-radisson-blu-da-nang.html
[ERROR] Failed: melia-vs-radisson-blu-da-nang.html
[ERROR] Failed: melia-vs-hyatt-regency-da-nang.html
[START] mikazuki-da-nang.html
[START] muong-thanh-luxury-da-nang.html
[ERROR] Failed: muong-thanh-luxury-da-nang.html
[ERROR] Failed: mikazuki-da-nang.html
[START] my-khe-beach-da-nang.html
[START] naman-retreat-da-nang.html
[ERROR] Failed: my-khe-beach-da-nang.html
[ERROR] Failed: naman-retreat-da-nang.html
[START] news.html
[START] non-nuoc-beach-da-nang.html
[ERROR] Failed: non-nuoc-beach-da-nang.html
[ERROR] Failed: news.html
[START] novotel-da-nang-han-river.html
[START] novotel-vs-hilton-da-nang.html
[ERROR] Failed: novotel-da-nang-han-river.html
[ERROR] Failed: novotel-vs-hilton-da-nang.html
[START] premier-village-da-nang.html
[START] pullman-da-nang.html
[ERROR] Failed: pullman-da-nang.html
[ERROR] Failed: premier-village-da-nang.html
[START] radisson-blu-da-nang.html
[START] review-a-la-carte-da-nang.html
[ERROR] Failed: radisson-blu-da-nang.html
[ERROR] Failed: review-a-la-carte-da-nang.html
[START] review-azura-da-nang.html
[START] review-brilliant-hotel-da-nang.html
[ERROR] Failed: review-azura-da-nang.html
[ERROR] Failed: review-brilliant-hotel-da-nang.html
[START] review-four-points-sheraton-da-nang.html
[START] review-furama-resort-da-nang.html
[ERROR] Failed: review-furama-resort-da-nang.html
[ERROR] Failed: review-four-points-sheraton-da-nang.html
[START] review-fusion-suites-da-nang.html
[START] review-grand-mercure-da-nang.html
[ERROR] Failed: review-grand-mercure-da-nang.html
[ERROR] Failed: review-fusion-suites-da-nang.html
[START] review-hilton-da-nang.html
[START] review-hyatt-regency-da-nang.html
[ERROR] Failed: review-hilton-da-nang.html
[ERROR] Failed: review-hyatt-regency-da-nang.html
[START] review-intercontinental-da-nang.html
[START] review-marriott-resort-da-nang.html
[ERROR] Failed: review-marriott-resort-da-nang.html
[ERROR] Failed: review-intercontinental-da-nang.html
[START] review-melia-da-nang.html
[START] review-melia-vinpearl-da-nang.html
[ERROR] Failed: review-melia-da-nang.html
[ERROR] Failed: review-melia-vinpearl-da-nang.html
[START] review-mikazuki-da-nang.html
[START] review-muong-thanh-luxury-da-nang.html
[ERROR] Failed: review-muong-thanh-luxury-da-nang.html
[ERROR] Failed: review-mikazuki-da-nang.html
[START] review-naman-retreat-da-nang.html
[START] review-novotel-da-nang-han-river.html
[ERROR] Failed: review-novotel-da-nang-han-river.html
[ERROR] Failed: review-naman-retreat-da-nang.html
[START] review-premier-village-da-nang.html
[START] review-pullman-da-nang.html
[ERROR] Failed: review-pullman-da-nang.html
[ERROR] Failed: review-premier-village-da-nang.html
[START] review-radisson-blu-da-nang.html
[START] review-tia-wellness-resort-da-nang.html
[ERROR] Failed: review-tia-wellness-resort-da-nang.html
[ERROR] Failed: review-radisson-blu-da-nang.html
[START] review-tms-hotel-da-nang.html
[START] review-wyndham-soleil-da-nang.html
[ERROR] Failed: review-wyndham-soleil-da-nang.html
[ERROR] Failed: review-tms-hotel-da-nang.html
[START] search.html
[START] sheraton-grand-da-nang.html
[ERROR] Failed: search.html
[ERROR] Failed: sheraton-grand-da-nang.html
[START] silk-path-grand-da-nang.html
[START] son-tra-peninsula-da-nang.html
[ERROR] Failed: son-tra-peninsula-da-nang.html
[ERROR] Failed: silk-path-grand-da-nang.html
[START] terms.html
[START] things-to-do-in-da-nang.html
[ERROR] Failed: terms.html
[ERROR] Failed: things-to-do-in-da-nang.html
[START] tia-wellness-resort-da-nang.html
[START] tms-hotel-da-nang.html
[ERROR] Failed: tia-wellness-resort-da-nang.html
[ERROR] Failed: tms-hotel-da-nang.html
[START] tms-hotel-vs-sala-danang-beach.html
[START] vietnam-tourism-boom-record-growth-2026.html
[ERROR] Failed: vietnam-tourism-boom-record-growth-2026.html
[ERROR] Failed: tms-hotel-vs-sala-danang-beach.html
[START] vinpearl-luxury-da-nang.html
[START] where-to-stay-in-da-nang.html
[ERROR] Failed: vinpearl-luxury-da-nang.html
[ERROR] Failed: where-to-stay-in-da-nang.html
[START] wyndham-soleil-da-nang.html
[ERROR] Failed: wyndham-soleil-da-nang.html
=== All done at Fri May 15 12:23:04 +07 2026 ===
Total Korean HTML files: 61
=== Parallel translation started at Fri May 15 16:33:37 +07 2026 ===
Files to translate: 86
[START] da-nang-malls-guide-ko.html
[START] da-nang-travel-mistakes.html
[RETRY 2] da-nang-travel-mistakes.html
[START] da-nang-travel-mistakes.html
[RETRY 3] da-nang-travel-mistakes.html
[START] da-nang-travel-mistakes.html
[FAILED] da-nang-travel-mistakes.html after 3 attempts
[START] da-nang-urban-railway-2026.html
[RETRY 2] da-nang-urban-railway-2026.html
[START] da-nang-urban-railway-2026.html
[RETRY 3] da-nang-urban-railway-2026.html
[START] da-nang-urban-railway-2026.html
[FAILED] da-nang-urban-railway-2026.html after 3 attempts
[START] da-nang-videos.html
[RETRY 2] da-nang-videos.html
[START] da-nang-videos.html
[RETRY 3] da-nang-videos.html
[START] da-nang-videos.html
[FAILED] da-nang-videos.html after 3 attempts
[START] da-nang-visa-run-guide.html
[DONE] da-nang-visa-run-guide.html
[START] da-nang-vladivostok-flight-russian-tourism-2026.html
[RETRY 2] da-nang-vladivostok-flight-russian-tourism-2026.html
[START] da-nang-vladivostok-flight-russian-tourism-2026.html
[RETRY 3] da-nang-vladivostok-flight-russian-tourism-2026.html
[START] da-nang-vladivostok-flight-russian-tourism-2026.html
[FAILED] da-nang-vladivostok-flight-russian-tourism-2026.html after 3 attempts
[START] da-nang-vs-hanoi.html
